
  .   ____          _            __ _ _
 /\\ / ___'_ __ _ _(_)_ __  __ _ \ \ \ \
( ( )\___ | '_ | '_| | '_ \/ _` | \ \ \ \
 \\/  ___)| |_)| | | | | || (_| |  ) ) ) )
  '  |____| .__|_| |_|_| |_\__, | / / / /
 =========|_|==============|___/=/_/_/_/
 :: Spring Boot ::                (v3.2.5)

2026-09-20T05:04:33.464Z  INFO 194308 --- [payment-platform] [           main] com.cth.job.api.PaymentApplication       : Starting PaymentApplication v1.0.0-SNAPSHOT using Java 21.0.10 with PID 194308 (/app/payment-api/target/payment-api-1.0.0-SNAPSHOT.jar started by jules in /app)
2026-09-20T05:04:33.470Z  INFO 194308 --- [payment-platform] [           main] com.cth.job.api.PaymentApplication       : No active profile set, falling back to 1 default profile: "default"
2026-09-20T05:04:34.949Z  INFO 194308 --- [payment-platform] [           main] .s.d.r.c.RepositoryConfigurationDelegate : Bootstrapping Spring Data JPA repositories in DEFAULT mode.
2026-09-20T05:04:35.014Z  INFO 194308 --- [payment-platform] [           main] .s.d.r.c.RepositoryConfigurationDelegate : Finished Spring Data repository scanning in 51 ms. Found 1 JPA repository interface.
2026-09-20T05:04:36.067Z  INFO 194308 --- [payment-platform] [           main] o.s.b.w.embedded.tomcat.TomcatWebServer  : Tomcat initialized with port 8080 (http)
2026-09-20T05:04:36.083Z  INFO 194308 --- [payment-platform] [           main] o.apache.catalina.core.StandardService   : Starting service [Tomcat]
2026-09-20T05:04:36.084Z  INFO 194308 --- [payment-platform] [           main] o.apache.catalina.core.StandardEngine    : Starting Servlet engine: [Apache Tomcat/10.1.20]
2026-09-20T05:04:36.126Z  INFO 194308 --- [payment-platform] [           main] o.a.c.c.C.[Tomcat].[localhost].[/]       : Initializing Spring embedded WebApplicationContext
2026-09-20T05:04:36.127Z  INFO 194308 --- [payment-platform] [           main] w.s.c.ServletWebServerApplicationContext : Root WebApplicationContext: initialization completed in 2359 ms
2026-09-20T05:04:36.314Z  INFO 194308 --- [payment-platform] [           main] o.hibernate.jpa.internal.util.LogHelper  : HHH000204: Processing PersistenceUnitInfo [name: default]
2026-09-20T05:04:36.451Z  INFO 194308 --- [payment-platform] [           main] org.hibernate.Version                    : HHH000412: Hibernate ORM core version 6.4.4.Final
2026-09-20T05:04:36.521Z  INFO 194308 --- [payment-platform] [           main] o.h.c.internal.RegionFactoryInitiator    : HHH000026: Second-level cache disabled
2026-09-20T05:04:36.887Z  INFO 194308 --- [payment-platform] [           main] o.s.o.j.p.SpringPersistenceUnitInfo      : No LoadTimeWeaver setup: ignoring JPA class transformer
2026-09-20T05:04:36.924Z  INFO 194308 --- [payment-platform] [           main] com.zaxxer.hikari.HikariDataSource       : HikariPool-1 - Starting...
2026-09-20T05:04:37.393Z  INFO 194308 --- [payment-platform] [           main] com.zaxxer.hikari.pool.HikariPool        : HikariPool-1 - Added connection conn0: url=jdbc:h2:mem:paymentdb user=SA
2026-09-20T05:04:37.396Z  INFO 194308 --- [payment-platform] [           main] com.zaxxer.hikari.HikariDataSource       : HikariPool-1 - Start completed.
2026-09-20T05:04:37.429Z  WARN 194308 --- [payment-platform] [           main] org.hibernate.orm.deprecation            : HHH90000025: H2Dialect does not need to be specified explicitly using 'hibernate.dialect' (remove the property setting and it will be selected by default)
2026-09-20T05:04:38.664Z  INFO 194308 --- [payment-platform] [           main] o.h.e.t.j.p.i.JtaPlatformInitiator       : HHH000489: No JTA platform available (set 'hibernate.transaction.jta.platform' to enable JTA platform integration)
2026-09-20T05:04:38.755Z  INFO 194308 --- [payment-platform] [           main] j.LocalContainerEntityManagerFactoryBean : Initialized JPA EntityManagerFactory for persistence unit 'default'
2026-09-20T05:04:39.405Z  WARN 194308 --- [payment-platform] [           main] JpaBaseConfiguration$JpaWebConfiguration : spring.jpa.open-in-view is enabled by default. Therefore, database queries may be performed during view rendering. Explicitly configure spring.jpa.open-in-view to disable this warning
2026-09-20T05:04:39.428Z  WARN 194308 --- [payment-platform] [           main] .s.s.UserDetailsServiceAutoConfiguration :

Using generated security password: c7e1ba1c-66d6-48f9-94a8-53d957be7e17

This generated password is for development use only. Your security configuration must be updated before running your application in production.

2026-09-20T05:04:39.586Z  INFO 194308 --- [payment-platform] [           main] o.s.b.a.w.s.WelcomePageHandlerMapping    : Adding welcome page: class path resource [static/index.html]
2026-09-20T05:04:39.831Z  INFO 194308 --- [payment-platform] [           main] o.s.s.web.DefaultSecurityFilterChain     : Will secure any request with [org.springframework.security.web.session.DisableEncodeUrlFilter@9fc125b, org.springframework.security.web.context.request.async.WebAsyncManagerIntegrationFilter@62129f97, org.springframework.security.web.context.SecurityContextHolderFilter@798d8247, org.springframework.security.web.header.HeaderWriterFilter@20331c8e, org.springframework.web.filter.CorsFilter@22db974d, org.springframework.security.web.authentication.logout.LogoutFilter@366c9912, org.springframework.security.web.savedrequest.RequestCacheAwareFilter@46d83ec4, org.springframework.security.web.servletapi.SecurityContextHolderAwareRequestFilter@2ccb8db3, org.springframework.security.web.authentication.AnonymousAuthenticationFilter@10545d02, org.springframework.security.web.access.ExceptionTranslationFilter@4778c085, org.springframework.security.web.access.intercept.AuthorizationFilter@19ce597a]
2026-09-20T05:04:40.160Z  INFO 194308 --- [payment-platform] [           main] o.s.l.c.support.AbstractContextSource    : Property 'userDn' not set - anonymous context will be used for read-only operations
2026-09-20T05:04:40.230Z  INFO 194308 --- [payment-platform] [           main] o.s.b.w.embedded.tomcat.TomcatWebServer  : Tomcat started on port 8080 (http) with context path ''
2026-09-20T05:04:40.243Z  INFO 194308 --- [payment-platform] [           main] com.cth.job.api.PaymentApplication       : Started PaymentApplication in 7.876 seconds (process running for 9.103)
2026-09-20T05:05:02.174Z  INFO 194308 --- [payment-platform] [nio-8080-exec-1] o.a.c.c.C.[Tomcat].[localhost].[/]       : Initializing Spring DispatcherServlet 'dispatcherServlet'
2026-09-20T05:05:02.174Z  INFO 194308 --- [payment-platform] [nio-8080-exec-1] o.s.web.servlet.DispatcherServlet        : Initializing Servlet 'dispatcherServlet'
2026-09-20T05:05:02.176Z  INFO 194308 --- [payment-platform] [nio-8080-exec-1] o.s.web.servlet.DispatcherServlet        : Completed initialization in 2 ms
